================================================================================
    REPORT OF METRICS - XGBOOST
    ================================================================================

    Dataset: gray-GOOSE
    Date/Time: 07/04/2026 17:57:06

    ================================================================================
    CROSS-VALIDATION (K-Fold) - Mean ± 95% CI
    ================================================================================

    
Class: SAG.DB
  F1-Score:  0.9932 ± 0.0003
  Precision: 0.9864 ± 0.0006
  Recall:    1.0000 ± 0.0000

Class: FRG
  F1-Score:  0.6364 ± 0.0040
  Precision: 0.5246 ± 0.0033
  Recall:    0.8090 ± 0.0144

Class: SAG.PB
  F1-Score:  0.7437 ± 0.0035
  Precision: 0.7028 ± 0.0119
  Recall:    0.7899 ± 0.0161

Class: SAG.PBM
  F1-Score:  0.6948 ± 0.0041
  Precision: 0.5839 ± 0.0070
  Recall:    0.8581 ± 0.0233

Class: Normal
  F1-Score:  0.8692 ± 0.0014
  Precision: 0.9747 ± 0.0005
  Recall:    0.7843 ± 0.0020

Cohen's Kappa (CV): 0.7231 ± 0.0010
Accuracy (CV - Mean ± CI): 0.8168 ± 0.0007

--------------------------------------------------------------------------------
CONFUSION MATRIX (CV - Aggregated)
--------------------------------------------------------------------------------

Predicted →          SAG.DB          FRG       SAG.PB      SAG.PBM       Normal 
Real ↓
SAG.DB             102469            0            0            1            0 
FRG                   347        82711         3378         7120         8680 
SAG.PB                389         1803        79281        15543         3357 
SAG.PBM               426         9150         4709        87450          175 
Normal                249        64011        25468        39695       470577 

================================================================================

================================================================================
Report saved at: ./results_without_delta_features\metrics_report_gray-GOOSE_20260407_175706.md
================================================================================
