================================================================================
    REPORT OF METRICS - XGBOOST
    ================================================================================

    Dataset: gray-GOOSE
    Date/Time: 07/04/2026 17:49:06

    ================================================================================
    CROSS-VALIDATION (K-Fold) - Mean ± 95% CI
    ================================================================================

    
Class: SAG.DB
  F1-Score:  0.9973 ± 0.0003
  Precision: 0.9949 ± 0.0005
  Recall:    0.9998 ± 0.0001

Class: FRG
  F1-Score:  0.8707 ± 0.0013
  Precision: 0.8524 ± 0.0125
  Recall:    0.8899 ± 0.0109

Class: SAG.PB
  F1-Score:  0.9737 ± 0.0011
  Precision: 0.9675 ± 0.0019
  Recall:    0.9801 ± 0.0020

Class: SAG.PBM
  F1-Score:  0.7938 ± 0.0018
  Precision: 0.7084 ± 0.0049
  Recall:    0.9027 ± 0.0092

Class: Normal
  F1-Score:  0.9679 ± 0.0006
  Precision: 0.9972 ± 0.0004
  Recall:    0.9402 ± 0.0011

Cohen's Kappa (CV): 0.9055 ± 0.0007
Accuracy (CV - Mean ± CI): 0.9413 ± 0.0005

--------------------------------------------------------------------------------
CONFUSION MATRIX (CV - Aggregated)
--------------------------------------------------------------------------------

Predicted →          SAG.DB          FRG       SAG.PB      SAG.PBM       Normal 
Real ↓
SAG.DB             102449            2           15            4            0 
FRG                    56        90984          295         9628         1273 
SAG.PB                389           41        98377         1368          198 
SAG.PBM                57         7978         1771        91998          106 
Normal                 25         7754         1229        26874       564118 

================================================================================

================================================================================
Report saved at: ./results_with_delta_features\metrics_report_gray-GOOSE_20260407_174906.md
================================================================================
